// Jest Snapshot v1, https://goo.gl/fbAQLP

exports[`Snapshot: Radio Form renders correctly 1`] = `
<div
  className=""
>
  <form>
    <div
      className="radio-group wvus-field-payment_method wvus-field-payment_method_new_cc "
    >
      <label
        className="radio-inline payment-method-new-cc-label"
      >
        <input
          checked={true}
          className="payment-method-new-cc-input"
          id="payment_method_new_cc"
          name="payment_method"
          onBlur={[Function]}
          onChange={[Function]}
          onFocus={[Function]}
          type="radio"
          value="payment_method_new_cc"
        />
        New Credit Card
      </label>
    </div>
    <div
      className="radio-group wvus-field-payment_method wvus-field-payment_method_existing_cc "
    >
      <label
        className="radio-inline "
      >
        <input
          checked={false}
          className=""
          id="payment_method_existing_cc"
          name="payment_method"
          onBlur={[Function]}
          onChange={[Function]}
          onFocus={[Function]}
          type="radio"
          value="payment_method_new_cc"
        />
        Existing Credit Card
      </label>
    </div>
    <div
      className="radio-group wvus-field-payment_method wvus-field-payment_method_paypal "
    >
      <label
        className="radio-inline "
      >
        <input
          checked={false}
          className=""
          id="payment_method_paypal"
          name="payment_method"
          onBlur={[Function]}
          onChange={[Function]}
          onFocus={[Function]}
          type="radio"
          value="payment_method_new_cc"
        />
        Paypal
      </label>
    </div>
  </form>
</div>
`;
